0.00.825.907 W load: control-looking token: 128247 '</s>' was not control-type; this is probably a bug in the model. its type will be overridden
0.09.183.809 I 
0.09.183.853 I system_info: n_threads = 4 (n_threads_batch = 4) / 4 | CUDA : ARCHS = 500,610,700,750,800,860,890,900 | USE_GRAPHS = 1 | CPU : SSE3 = 1 | SSSE3 = 1 | AVX = 1 | AVX2 = 1 | F16C = 1 | FMA = 1 | BMI2 = 1 | LLAMAFILE = 1 | OPENMP = 1 | REPACK = 1 | 
0.09.198.599 I kl_divergence: computing over 32 chunks, n_ctx=512, batch_size=2048, n_seq=4
0.15.139.561 I kl_divergence: 5.94 seconds per pass - ETA 0.78 minutes

chunk             PPL               ln(PPL(Q)/PPL(base))          KL Divergence              Δp RMS            Same top p
   1       7.5781 ±    1.3446       0.28328 ±    0.06895       0.39992 ±    0.04529    20.558 ±  2.132 %    76.078 ±  2.677 %
   2      10.5994 ±    1.4546       0.31613 ±    0.04764       0.41349 ±    0.02914    19.428 ±  1.388 %    75.294 ±  1.912 %
   3       9.7644 ±    1.0571       0.37141 ±    0.04223       0.50872 ±    0.02652    23.073 ±  1.086 %    72.026 ±  1.624 %
   4       9.4671 ±    0.8502       0.39279 ±    0.03718       0.51761 ±    0.02287    23.145 ±  0.911 %    71.471 ±  1.415 %
   5       9.5538 ±    0.7513       0.40165 ±    0.03259       0.52283 ±    0.02073    22.831 ±  0.790 %    70.745 ±  1.275 %
   6       9.9018 ±    0.7043       0.42603 ±    0.02983       0.53573 ±    0.01922    22.853 ±  0.722 %    69.869 ±  1.173 %
   7      10.0757 ±    0.6598       0.42833 ±    0.02852       0.53767 ±    0.01782    22.640 ±  0.671 %    69.636 ±  1.089 %
   8      10.6833 ±    0.6592       0.44565 ±    0.02791       0.54862 ±    0.01705    22.612 ±  0.621 %    69.118 ±  1.023 %
   9      11.0179 ±    0.6417       0.44977 ±    0.02632       0.55753 ±    0.01605    22.612 ±  0.585 %    68.540 ±  0.970 %
  10      11.3353 ±    0.6276       0.42663 ±    0.02469       0.54555 ±    0.01489    22.077 ±  0.550 %    68.549 ±  0.920 %
  11      11.5530 ±    0.6093       0.46291 ±    0.02482       0.57101 ±    0.01513    22.618 ±  0.531 %    68.021 ±  0.881 %
  12      11.9055 ±    0.6024       0.46929 ±    0.02357       0.56999 ±    0.01444    22.696 ±  0.515 %    68.039 ±  0.843 %
  13      12.3448 ±    0.6011       0.46024 ±    0.02232       0.55639 ±    0.01355    22.346 ±  0.493 %    67.964 ±  0.811 %
  14      12.2267 ±    0.5743       0.46901 ±    0.02190       0.55762 ±    0.01314    22.709 ±  0.489 %    68.067 ±  0.780 %
  15      12.1754 ±    0.5519       0.46904 ±    0.02110       0.55506 ±    0.01286    22.849 ±  0.482 %    68.288 ±  0.753 %
  16      12.4702 ±    0.5488       0.46114 ±    0.02021       0.54945 ±    0.01227    22.602 ±  0.463 %    67.966 ±  0.731 %
  17      11.6921 ±    0.4941       0.44997 ±    0.01936       0.53467 ±    0.01172    22.423 ±  0.447 %    68.512 ±  0.706 %
  18      11.7832 ±    0.4862       0.44209 ±    0.01888       0.53258 ±    0.01145    22.484 ±  0.437 %    68.736 ±  0.684 %
  19      11.6346 ±    0.4682       0.43309 ±    0.01838       0.52999 ±    0.01116    22.370 ±  0.424 %    68.834 ±  0.665 %
  20      11.6159 ±    0.4547       0.43679 ±    0.01799       0.52754 ±    0.01083    22.291 ±  0.414 %    68.922 ±  0.648 %
  21      11.3850 ±    0.4326       0.44069 ±    0.01782       0.53198 ±    0.01074    22.744 ±  0.410 %    68.889 ±  0.633 %
  22      11.4331 ±    0.4254       0.43797 ±    0.01756       0.53488 ±    0.01056    22.801 ±  0.402 %    68.930 ±  0.618 %
  23      10.9388 ±    0.3944       0.43010 ±    0.01702       0.52823 ±    0.01023    22.781 ±  0.391 %    69.327 ±  0.602 %
  24      10.4623 ±    0.3658       0.42890 ±    0.01650       0.52343 ±    0.00994    23.045 ±  0.383 %    69.493 ±  0.589 %
  25      10.2145 ±    0.3483       0.42899 ±    0.01616       0.52712 ±    0.00980    23.349 ±  0.376 %    69.616 ±  0.576 %
  26      10.0331 ±    0.3351       0.43439 ±    0.01604       0.53081 ±    0.00995    23.372 ±  0.368 %    69.789 ±  0.564 %
  27       9.7668 ±    0.3194       0.43385 ±    0.01589       0.53368 ±    0.01005    23.505 ±  0.363 %    69.949 ±  0.553 %
  28       9.5807 ±    0.3071       0.42712 ±    0.01553       0.53010 ±    0.00983    23.479 ±  0.356 %    70.224 ±  0.541 %
  29       9.7050 ±    0.3082       0.42484 ±    0.01527       0.53136 ±    0.00972    23.461 ±  0.351 %    70.169 ±  0.532 %
  30       9.6478 ±    0.3016       0.42560 ±    0.01505       0.53278 ±    0.00955    23.469 ±  0.344 %    70.131 ±  0.523 %
  31       9.5575 ±    0.2925       0.41939 ±    0.01472       0.52829 ±    0.00932    23.363 ±  0.339 %    70.285 ±  0.514 %
  32       9.5793 ±    0.2886       0.41841 ±    0.01446       0.52776 ±    0.00917    23.348 ±  0.334 %    70.343 ±  0.506 %

====== Perplexity statistics ======
Mean PPL(Q)                   :   9.579258 ±   0.288590
Mean PPL(base)                :   6.304052 ±   0.181442
Cor(ln(PPL(Q)), ln(PPL(base))):  88.04%
Mean ln(PPL(Q)/PPL(base))     :   0.418408 ±   0.014465
Mean PPL(Q)/PPL(base)         :   1.519540 ±   0.021980
Mean PPL(Q)-PPL(base)         :   3.275206 ±   0.154941

====== KL divergence statistics ======
Mean    KLD:   0.527760 ±   0.009169
Maximum KLD:  13.665681
99.9%   KLD:   7.869770
99.0%   KLD:   3.917660
95.0%   KLD:   1.990193
90.0%   KLD:   1.272601
Median  KLD:   0.268319
10.0%   KLD:   0.009497
 5.0%   KLD:   0.002110
 1.0%   KLD:   0.000132
 0.1%   KLD:   0.000011
Minimum KLD:   0.000000

====== Token probability statistics ======
Mean    Δp: -9.376 ± 0.237 %
Maximum Δp: 85.617%
99.9%   Δp: 68.536%
99.0%   Δp: 33.833%
95.0%   Δp: 12.636%
90.0%   Δp:  5.017%
75.0%   Δp:  0.005%
Median  Δp: -1.937%
25.0%   Δp: -13.956%
10.0%   Δp: -37.299%
 5.0%   Δp: -56.010%
 1.0%   Δp: -88.671%
 0.1%   Δp: -99.214%
Minimum Δp: -99.870%
RMS Δp    : 23.348 ± 0.334 %
Same top p: 70.343 ± 0.506 %

