0.00.746.520 W load: control-looking token: 128247 '</s>' was not control-type; this is probably a bug in the model. its type will be overridden
0.08.632.563 I 
0.08.632.607 I system_info: n_threads = 4 (n_threads_batch = 4) / 4 | CUDA : ARCHS = 500,610,700,750,800,860,890,900 | USE_GRAPHS = 1 | CPU : SSE3 = 1 | SSSE3 = 1 | AVX = 1 | AVX2 = 1 | F16C = 1 | FMA = 1 | BMI2 = 1 | LLAMAFILE = 1 | OPENMP = 1 | REPACK = 1 | 
0.08.647.319 I kl_divergence: computing over 32 chunks, n_ctx=512, batch_size=2048, n_seq=4
0.14.447.921 I kl_divergence: 5.80 seconds per pass - ETA 0.77 minutes

chunk             PPL               ln(PPL(Q)/PPL(base))          KL Divergence              Δp RMS            Same top p
   1       6.6746 ±    1.1838       0.15631 ±    0.05259       0.22481 ±    0.03114    13.265 ±  1.849 %    85.098 ±  2.234 %
   2       8.9419 ±    1.2161       0.14608 ±    0.03863       0.25638 ±    0.02499    13.320 ±  1.247 %    83.137 ±  1.660 %
   3       8.7828 ±    0.9631       0.26546 ±    0.03815       0.37688 ±    0.02451    19.664 ±  1.043 %    79.085 ±  1.471 %
   4       8.5109 ±    0.7672       0.28632 ±    0.03344       0.38492 ±    0.02031    19.893 ±  0.857 %    77.157 ±  1.315 %
   5       8.4952 ±    0.6614       0.28422 ±    0.02932       0.37973 ±    0.01768    19.806 ±  0.771 %    75.608 ±  1.203 %
   6       8.7417 ±    0.6171       0.30141 ±    0.02795       0.39950 ±    0.01651    20.220 ±  0.709 %    74.379 ±  1.116 %
   7       8.8189 ±    0.5678       0.29510 ±    0.02553       0.38457 ±    0.01451    19.879 ±  0.650 %    74.566 ±  1.031 %
   8       9.2238 ±    0.5611       0.29875 ±    0.02506       0.39358 ±    0.01381    19.937 ±  0.608 %    73.725 ±  0.975 %
   9       9.6245 ±    0.5526       0.31457 ±    0.02369       0.40176 ±    0.01290    19.828 ±  0.566 %    73.159 ±  0.925 %
  10      10.0478 ±    0.5508       0.30606 ±    0.02226       0.39888 ±    0.01201    19.328 ±  0.533 %    72.902 ±  0.880 %
  11      10.1738 ±    0.5289       0.33578 ±    0.02230       0.42129 ±    0.01235    20.028 ±  0.521 %    72.086 ±  0.847 %
  12      10.4278 ±    0.5215       0.33676 ±    0.02124       0.41412 ±    0.01171    19.735 ±  0.497 %    72.124 ±  0.811 %
  13      10.8081 ±    0.5208       0.32730 ±    0.02000       0.40028 ±    0.01097    19.248 ±  0.475 %    72.760 ±  0.773 %
  14      10.6116 ±    0.4929       0.32733 ±    0.01902       0.39262 ±    0.01036    19.110 ±  0.455 %    72.997 ±  0.743 %
  15      10.5289 ±    0.4723       0.32374 ±    0.01820       0.38826 ±    0.01002    19.089 ±  0.445 %    73.176 ±  0.716 %
  16      10.8246 ±    0.4719       0.31962 ±    0.01742       0.38195 ±    0.00955    18.908 ±  0.432 %    72.990 ±  0.695 %
  17      10.1681 ±    0.4258       0.31031 ±    0.01684       0.37488 ±    0.00920    18.868 ±  0.422 %    73.333 ±  0.672 %
  18      10.2567 ±    0.4186       0.30335 ±    0.01652       0.37564 ±    0.00903    19.006 ±  0.417 %    73.224 ±  0.654 %
  19      10.1624 ±    0.4045       0.29781 ±    0.01603       0.37211 ±    0.00869    18.776 ±  0.403 %    73.375 ±  0.635 %
  20      10.1471 ±    0.3927       0.30161 ±    0.01553       0.36994 ±    0.00838    18.613 ±  0.392 %    73.471 ±  0.618 %
  21       9.8456 ±    0.3706       0.29541 ±    0.01505       0.36459 ±    0.00809    18.560 ±  0.382 %    73.950 ±  0.600 %
  22       9.8222 ±    0.3615       0.28610 ±    0.01474       0.36426 ±    0.00796    18.444 ±  0.372 %    74.135 ±  0.585 %
  23       9.4413 ±    0.3365       0.28287 ±    0.01424       0.36071 ±    0.00774    18.512 ±  0.364 %    74.305 ±  0.571 %
  24       9.0755 ±    0.3143       0.28670 ±    0.01396       0.35921 ±    0.00771    18.689 ±  0.359 %    74.526 ±  0.557 %
  25       8.9023 ±    0.3010       0.29149 ±    0.01373       0.36365 ±    0.00767    18.829 ±  0.353 %    74.478 ±  0.546 %
  26       8.6725 ±    0.2861       0.28866 ±    0.01335       0.36155 ±    0.00749    18.785 ±  0.345 %    74.646 ±  0.534 %
  27       8.4405 ±    0.2724       0.28790 ±    0.01309       0.36207 ±    0.00746    18.857 ±  0.340 %    74.786 ±  0.523 %
  28       8.2918 ±    0.2621       0.28264 ±    0.01282       0.35832 ±    0.00727    18.796 ±  0.334 %    74.986 ±  0.513 %
  29       8.3852 ±    0.2625       0.27867 ±    0.01256       0.35792 ±    0.00711    18.709 ±  0.326 %    75.091 ±  0.503 %
  30       8.3458 ±    0.2573       0.28063 ±    0.01246       0.35990 ±    0.00702    18.704 ±  0.321 %    75.216 ±  0.494 %
  31       8.3150 ±    0.2512       0.28012 ±    0.01219       0.35686 ±    0.00683    18.605 ±  0.315 %    75.357 ±  0.485 %
  32       8.3187 ±    0.2474       0.27732 ±    0.01197       0.35668 ±    0.00674    18.596 ±  0.311 %    75.466 ±  0.476 %

====== Perplexity statistics ======
Mean PPL(Q)                   :   8.318729 ±   0.247405
Mean PPL(base)                :   6.304052 ±   0.181442
Cor(ln(PPL(Q)), ln(PPL(base))):  91.69%
Mean ln(PPL(Q)/PPL(base))     :   0.277317 ±   0.011965
Mean PPL(Q)/PPL(base)         :   1.319584 ±   0.015789
Mean PPL(Q)-PPL(base)         :   2.014677 ±   0.108679

====== KL divergence statistics ======
Mean    KLD:   0.356682 ±   0.006738
Maximum KLD:  10.664515
99.9%   KLD:   6.652915
99.0%   KLD:   2.984911
95.0%   KLD:   1.324090
90.0%   KLD:   0.893699
Median  KLD:   0.162265
10.0%   KLD:   0.002583
 5.0%   KLD:   0.000443
 1.0%   KLD:   0.000037
 0.1%   KLD:   0.000002
Minimum KLD:  -0.000001

====== Token probability statistics ======
Mean    Δp: -6.216 ± 0.194 %
Maximum Δp: 94.913%
99.9%   Δp: 67.554%
99.0%   Δp: 31.902%
95.0%   Δp: 11.997%
90.0%   Δp:  5.020%
75.0%   Δp:  0.059%
Median  Δp: -0.798%
25.0%   Δp: -9.171%
10.0%   Δp: -26.041%
 5.0%   Δp: -41.319%
 1.0%   Δp: -75.711%
 0.1%   Δp: -96.500%
Minimum Δp: -99.761%
RMS Δp    : 18.596 ± 0.311 %
Same top p: 75.466 ± 0.476 %

