=== STAGE E: S-3 CPU-pure prefill speed, matched bytes 2026-07-25 15:59 ===
[gpu-state] 846 MiB
--- APEX Mini (13.25GB) CPU-pure pp2048 ---
ggml_cuda_init: found 1 CUDA devices (Total VRAM: 6143 MiB):
  Device 0: NVIDIA GeForce GTX 1060 6GB, compute capability 6.1, VMM: yes, VRAM: 6143 MiB
load_backend: loaded CUDA backend from C:\Users\Federico\Documents\evo-compress\tools\llamacpp-b10098\ggml-cuda.dll
load_backend: loaded RPC backend from C:\Users\Federico\Documents\evo-compress\tools\llamacpp-b10098\ggml-rpc.dll
load_backend: loaded CPU backend from C:\Users\Federico\Documents\evo-compress\tools\llamacpp-b10098\ggml-cpu-haswell.dll
| model                          |       size |     params | backend    | ngl | dev          |            test |                  t/s |
| ------------------------------ | ---------: | ---------: | ---------- | --: | ------------ | --------------: | -------------------: |
| qwen35moe 35B.A3B Q3_K - Medium |  12.33 GiB |    34.66 B | CUDA       |  -1 | none         |          pp2048 |         37.53 ± 0.74 |

build: 0278d8362 (10098)
--- ours SSM-fixed (13.27GB) CPU-pure pp2048 ---
ggml_cuda_init: found 1 CUDA devices (Total VRAM: 6143 MiB):
  Device 0: NVIDIA GeForce GTX 1060 6GB, compute capability 6.1, VMM: yes, VRAM: 6143 MiB
load_backend: loaded CUDA backend from C:\Users\Federico\Documents\evo-compress\tools\llamacpp-b10098\ggml-cuda.dll
load_backend: loaded RPC backend from C:\Users\Federico\Documents\evo-compress\tools\llamacpp-b10098\ggml-rpc.dll
load_backend: loaded CPU backend from C:\Users\Federico\Documents\evo-compress\tools\llamacpp-b10098\ggml-cpu-haswell.dll
| model                          |       size |     params | backend    | ngl | dev          |            test |                  t/s |
| ------------------------------ | ---------: | ---------: | ---------- | --: | ------------ | --------------: | -------------------: |
| qwen35moe 35B.A3B Q2_K - Medium |  12.35 GiB |    34.66 B | CUDA       |  -1 | none         |          pp2048 |         43.67 ± 0.82 |

build: 0278d8362 (10098)
--- reference IQ2_M (11.4GB) CPU-pure pp2048, for completeness ---
ggml_cuda_init: found 1 CUDA devices (Total VRAM: 6143 MiB):
  Device 0: NVIDIA GeForce GTX 1060 6GB, compute capability 6.1, VMM: yes, VRAM: 6143 MiB
load_backend: loaded CUDA backend from C:\Users\Federico\Documents\evo-compress\tools\llamacpp-b10098\ggml-cuda.dll
load_backend: loaded RPC backend from C:\Users\Federico\Documents\evo-compress\tools\llamacpp-b10098\ggml-rpc.dll
load_backend: loaded CPU backend from C:\Users\Federico\Documents\evo-compress\tools\llamacpp-b10098\ggml-cpu-haswell.dll
| model                          |       size |     params | backend    | ngl | dev          |            test |                  t/s |
| ------------------------------ | ---------: | ---------: | ---------- | --: | ------------ | --------------: | -------------------: |
| qwen35moe 35B.A3B IQ2_M - 2.7 bpw |  10.60 GiB |    34.66 B | CUDA       |  -1 | none         |          pp2048 |         18.90 ± 0.14 |

build: 0278d8362 (10098)
[gpu-state] 854 MiB
=== STAGE E DONE 2026-07-25 16:11 ===
