 139432950 465868874
 263831437 33188902
 163603727 211974979
 253152802 239965539
 217748243 236962299
 206327357 169649717
 143612477 217019859
 214971067 188732835
 220575329 294375297
 198597851 196868692
 174724454 191861839
 0 117143806
 170057777 199460946
 178647394 217763957
 260628829 243487582
 205511810 131673777
 221718128 224275305
 211701550 196760642
 185057846 171490590
 262270771 247158262
 0 167427224
 164178548 198499483
 185473075 170086227
 201911753 194317829
 179016572 203442484
 158230977 175300879
 177717681 138427700
 164410515 212109609
