 205210768 193652042
 186714504 275786148
 288514998 285612131
 400775832 410542998
 435879089 479619115
 456527099 509055121
 489114092 487324602
 462558921 498804971
 266186740 256739600
 235809690 211794139
 239224371 239759480
 236965076 239494190
 228644363 382332482
 485304483 497076555
 468920760 456542711
 385909439 279067436
 269088627 197458978
 366874259 372103678
 436830730 284951492
 199472927 286100965
 362718022 85272248
 298323685 383688502
 247702711 280054920
 208049986 227746034
 304624739 283168490
 142897198 247086149
 166225636 296596492
 277366914 292855873
 22613323 117091968
 203347859 169373579
 219410026 230772479
 203327240 370497589
 474352196 490185455
 487053442 470591404
 340855054 357690823
 299084031 313834983
 174354817 317294390
 389769271 427273328
 325607320 183102225
 193892447 282930155
 259266055 257456598
 238778426 224818042
 226977440 224674507
 214409597 248117528
 219894868 261461868
 165547448 209021379
 480539403 491528982
 487729556 489147687
 507897184 495600797
 494820614 485466349
 487220147 509937436
 222592084 194634371
 204871661 217396977
 239358407 229425754
 229989707 254754565
 214718193 213073116
 199147851 204265419
 231082885 223483223
 212525244 248153356
 207865255 221981426
 232415963 213146015
 223200446 227265762
 164661227 190577318
 171218448 215060715
 152673421 159282989
 178674192 230491050
 134330999 141925332
 234649066 65252980
 223742349 274770314
 197961693 248084962
 135533094 185802244
 205068530 186933284
 155818469 195151145
 136282562 145338171
 146960450 174658750
 234779991 267358956
 173031852 195682136
 189510002 186653491
 191839918 193736554
 219313044 175262984
 199689411 156703763
 176467254 211104590
 188344378 159996577
