=== Pre-reg #26: concurrency sweep, npl 1/2/4/8, npp 512, ntg 128, one session ===
GPU before: 405 MiB, 139 MHz, 35
--- arm S: split, ub 1024 (the #25 winner) ---
|    PP |     TG |    B |   N_KV |   T_PP s | S_PP t/s |   T_TG s | S_TG t/s |      T s |    S t/s |
|-------|--------|------|--------|----------|----------|----------|----------|----------|----------|
|   512 |    128 |    1 |    640 |    1.661 |   308.17 |    5.837 |    21.93 |    7.498 |    85.35 |
|   512 |    128 |    2 |   1280 |    2.305 |   444.16 |    7.904 |    32.39 |   10.210 |   125.37 |
|   512 |    128 |    4 |   2560 |    4.601 |   445.09 |   13.315 |    38.45 |   17.916 |   142.89 |
|   512 |    128 |    8 |   5120 |    9.229 |   443.82 |   23.024 |    44.48 |   32.253 |   158.75 |
GPU: 426 MiB, 54
--- arm A: all experts -> CPU, ub 2048 (more host-resident, more to amortise) ---
|    PP |     TG |    B |   N_KV |   T_PP s | S_PP t/s |   T_TG s | S_TG t/s |      T s |    S t/s |
|-------|--------|------|--------|----------|----------|----------|----------|----------|----------|
|   512 |    128 |    1 |    640 |    2.551 |   200.73 |    6.434 |    19.89 |    8.985 |    71.23 |
|   512 |    128 |    2 |   1280 |    3.133 |   326.86 |    9.201 |    27.82 |   12.334 |   103.78 |
|   512 |    128 |    4 |   2560 |    4.780 |   428.47 |   16.907 |    30.28 |   21.686 |   118.05 |
|   512 |    128 |    8 |   5120 |    9.631 |   425.31 |   27.159 |    37.70 |   36.790 |   139.17 |
GPU after: 420 MiB, 1847 MHz, 58
--- MECHANISM CONTROL: DENSE 7B fully in VRAM. If MoE routing divergence is the cause,
    a dense model (every slot reads the SAME weights) must batch far better than 2x ---
|    PP |     TG |    B |   N_KV |   T_PP s | S_PP t/s |   T_TG s | S_TG t/s |      T s |    S t/s |
|-------|--------|------|--------|----------|----------|----------|----------|----------|----------|
|   512 |    128 |    1 |    640 |    1.299 |   394.07 |    5.698 |    22.47 |    6.997 |    91.47 |
|   512 |    128 |    2 |   1280 |    2.499 |   409.77 |    6.675 |    38.35 |    9.174 |   139.52 |
|   512 |    128 |    4 |   2560 |    5.027 |   407.36 |   10.383 |    49.31 |   15.410 |   166.12 |
|   512 |    128 |    8 |   5120 |   10.108 |   405.22 |   20.283 |    50.48 |   30.392 |   168.47 |
GPU: 426 MiB, 72
