=== Pre-reg #21: KV placement. P-1 >=10% decode cost at 16k, P-2 neutral at d0, P-3 >=20% prefill recovery ===
GPU before: 552 MiB, 784 MHz, 40
--- warm-up (DISCARDED) ---
| qwen3moe 30B.A3B Q2_K - Medium |  10.48 GiB |    30.53 B | CUDA       |  99 | blk\.(16|17|18|19|20|21|22|23|24|25|26|27|28|29|30|31|32|33|34|35|36|37|38|39|40|41|42|43|44|45|46|47)\.ffn_.*_exps\.=CPU |    0 |           pp512 |        303.25 ± 0.00 |
--- P-1 + P-2: decode at d0 and d16384, KV on GPU vs CPU ---
| qwen3moe 30B.A3B Q2_K - Medium |  10.48 GiB |    30.53 B | CUDA       |  99 |             0 | blk\.(16|17|18|19|20|21|22|23|24|25|26|27|28|29|30|31|32|33|34|35|36|37|38|39|40|41|42|43|44|45|46|47)\.ffn_.*_exps\.=CPU |    0 |            tg32 |         20.35 ± 0.30 |
| qwen3moe 30B.A3B Q2_K - Medium |  10.48 GiB |    30.53 B | CUDA       |  99 |             0 | blk\.(16|17|18|19|20|21|22|23|24|25|26|27|28|29|30|31|32|33|34|35|36|37|38|39|40|41|42|43|44|45|46|47)\.ffn_.*_exps\.=CPU |    0 |   tg32 @ d16384 |          6.30 ± 0.18 |
| qwen3moe 30B.A3B Q2_K - Medium |  10.48 GiB |    30.53 B | CUDA       |  99 |             1 | blk\.(16|17|18|19|20|21|22|23|24|25|26|27|28|29|30|31|32|33|34|35|36|37|38|39|40|41|42|43|44|45|46|47)\.ffn_.*_exps\.=CPU |    0 |            tg32 |         16.39 ± 0.11 |
| qwen3moe 30B.A3B Q2_K - Medium |  10.48 GiB |    30.53 B | CUDA       |  99 |             1 | blk\.(16|17|18|19|20|21|22|23|24|25|26|27|28|29|30|31|32|33|34|35|36|37|38|39|40|41|42|43|44|45|46|47)\.ffn_.*_exps\.=CPU |    0 |   tg32 @ d16384 |          3.36 ± 0.06 |
GPU: 715 MiB, 1847 MHz, 66
--- P-3 (JOINT BUDGET): split + ub2048 prefill, KV on GPU vs evicted to CPU ---
| qwen3moe 30B.A3B Q2_K - Medium |  10.48 GiB |    30.53 B | CUDA       |  99 |     2048 |             0 | blk\.(16|17|18|19|20|21|22|23|24|25|26|27|28|29|30|31|32|33|34|35|36|37|38|39|40|41|42|43|44|45|46|47)\.ffn_.*_exps\.=CPU |    0 |          pp2048 |         85.47 ± 0.27 |
| qwen3moe 30B.A3B Q2_K - Medium |  10.48 GiB |    30.53 B | CUDA       |  99 |     2048 |             1 | blk\.(16|17|18|19|20|21|22|23|24|25|26|27|28|29|30|31|32|33|34|35|36|37|38|39|40|41|42|43|44|45|46|47)\.ffn_.*_exps\.=CPU |    0 |          pp2048 |        327.81 ± 4.58 |
GPU: 572 MiB, 1835 MHz, 70
--- JOINT MATRIX: split placement x KV placement, BOTH phases, one invocation ---
| qwen3moe 30B.A3B Q2_K - Medium |  10.48 GiB |    30.53 B | CUDA       |  99 |     2048 |             0 | SPLIT |17|18|19|20|21|22|23|24|25|26|27|28|29|30|31|32|33|34|35|36|37|38|39|40|41|42|43|44|45|46|47)\.ffn_.*_exps\.=CPU |    0 |          pp2048 |        161.59 ± 0.09 |
| qwen3moe 30B.A3B Q2_K - Medium |  10.48 GiB |    30.53 B | CUDA       |  99 |     2048 |             0 | SPLIT |17|18|19|20|21|22|23|24|25|26|27|28|29|30|31|32|33|34|35|36|37|38|39|40|41|42|43|44|45|46|47)\.ffn_.*_exps\.=CPU |    0 |           tg128 |         20.14 ± 0.24 |
| qwen3moe 30B.A3B Q2_K - Medium |  10.48 GiB |    30.53 B | CUDA       |  99 |     2048 |             1 | SPLIT |17|18|19|20|21|22|23|24|25|26|27|28|29|30|31|32|33|34|35|36|37|38|39|40|41|42|43|44|45|46|47)\.ffn_.*_exps\.=CPU |    0 |          pp2048 |        391.72 ± 2.80 |
| qwen3moe 30B.A3B Q2_K - Medium |  10.48 GiB |    30.53 B | CUDA       |  99 |     2048 |             1 | SPLIT |17|18|19|20|21|22|23|24|25|26|27|28|29|30|31|32|33|34|35|36|37|38|39|40|41|42|43|44|45|46|47)\.ffn_.*_exps\.=CPU |    0 |           tg128 |         16.54 ± 0.03 |
--- same for all-experts-to-CPU ---
| qwen3moe 30B.A3B Q2_K - Medium |  10.48 GiB |    30.53 B | CUDA       |  99 |     2048 |             0 | exps=CPU              |    0 |          pp2048 |        345.41 ± 0.36 |
| qwen3moe 30B.A3B Q2_K - Medium |  10.48 GiB |    30.53 B | CUDA       |  99 |     2048 |             0 | exps=CPU              |    0 |           tg128 |         18.68 ± 0.27 |
| qwen3moe 30B.A3B Q2_K - Medium |  10.48 GiB |    30.53 B | CUDA       |  99 |     2048 |             1 | exps=CPU              |    0 |          pp2048 |        336.31 ± 1.71 |
| qwen3moe 30B.A3B Q2_K - Medium |  10.48 GiB |    30.53 B | CUDA       |  99 |     2048 |             1 | exps=CPU              |    0 |           tg128 |         15.82 ± 0.08 |
GPU: 563 MiB, 1809 MHz, 69
