training pairs (teacher-clean only): 385

=== eval: BASE student ===
[transformers] `torch_dtype` is deprecated! Use `dtype` instead!
Loading weights:   0%|          | 0/311 [00:00<?, ?it/s]Loading weights:  17%|#7        | 53/311 [00:00<00:00, 506.11it/s]Loading weights:  51%|#####     | 158/311 [00:00<00:00, 816.51it/s]Loading weights:  83%|########3 | 259/311 [00:00<00:00, 892.77it/s]Loading weights: 100%|##########| 311/311 [00:00<00:00, 875.94it/s]
  [base] heldout: 118/120 = 98.3% (315.4s)
  [base] control: 28/60 = 46.7% (11.0s)

=== train: LoRA on filtered teacher pairs ===
Loading weights:   0%|          | 0/311 [00:00<?, ?it/s]Loading weights:  12%|#1        | 37/311 [00:00<00:00, 367.32it/s]Loading weights:  47%|####6     | 145/311 [00:00<00:00, 781.94it/s]Loading weights:  79%|#######9  | 246/311 [00:00<00:00, 882.73it/s]Loading weights: 100%|##########| 311/311 [00:00<00:00, 859.05it/s]
trainable params: 10,092,544 || all params: 606,142,464 || trainable%: 1.6650
  epoch 1/3  mean loss 0.0068  (48 opt steps)
  epoch 2/3  mean loss 0.0049  (96 opt steps)
  epoch 3/3  mean loss 0.0041  (144 opt steps)
adapter saved -> D:/evo-compress-data/hf/s1-adapter

=== eval: TUNED student ===
  [tuned] heldout: 120/120 = 100.0% (449.0s)
  [tuned] control: 28/60 = 46.7% (17.4s)

=== STAKED VERDICTS ===
  P1  (tuned - base >= +10pts on held-out): +1.7%  -> FAIL
  P2  (tuned >= teacher 96.7%):   100.0%  -> PASS
  KR-A (control drop > 15pts kills):        +0.0% drop -> holds
