[
  {
    "build_commit": "0278d8362",
    "build_number": 10098,
    "cpu_info": "Intel(R) Core(TM) i5-7600K CPU @ 3.80GHz",
    "gpu_info": "NVIDIA GeForce GTX 1060 6GB",
    "backends": "CUDA",
    "model_filename": "D:/evo-compress-data/gguf/Laguna-S-2.1-UD-Q2_K_XL.gguf",
    "model_type": "laguna ?B Q2_K - Medium",
    "model_size": 39680849600,
    "model_n_params": 117561977600,
    "n_batch": 2048,
    "n_ubatch": 2048,
    "n_threads": 4,
    "cpu_mask": "0x0",
    "cpu_strict": false,
    "poll": 50,
    "type_k": "f16",
    "type_v": "f16",
    "n_gpu_layers": 0,
    "n_cpu_moe": 0,
    "split_mode": "layer",
    "main_gpu": 0,
    "no_kv_offload": false,
    "flash_attn": -1,
    "devices": "auto",
    "tensor_split": "0.00",
    "tensor_buft_overrides": "none",
    "use_mmap": true,
    "use_direct_io": false,
    "embeddings": false,
    "no_op_offload": 0,
    "no_host": false,
    "fit_target": 0,
    "fit_min_ctx": 0,
    "n_prompt": 0,
    "n_gen": 64,
    "n_depth": 0,
    "test_time": "2026-07-31T22:44:11Z",
    "avg_ns": 134962755200,
    "stddev_ns": 4012318641,
    "avg_ts": 0.476225,
    "stddev_ts": 0.037747,
    "samples_ns": [ 124953615400, 146480284000, 133454366200 ],
    "samples_ts": [ 0.51219, 0.436919, 0.479565 ]
  }
]

--- stderr ---
ggml_cuda_init: found 1 CUDA devices (Total VRAM: 6143 MiB):
  Device 0: NVIDIA GeForce GTX 1060 6GB, compute capability 6.1, VMM: yes, VRAM: 6143 MiB
load_backend: loaded CUDA backend from C:\Users\Federico\Documents\evo-compress\tools\llamacpp-b10098\ggml-cuda.dll
load_backend: loaded RPC backend from C:\Users\Federico\Documents\evo-compress\tools\llamacpp-b10098\ggml-rpc.dll
load_backend: loaded CPU backend from C:\Users\Federico\Documents\evo-compress\tools\llamacpp-b10098\ggml-cpu-haswell.dll
